// Jest Snapshot v1, https://goo.gl/fbAQLP

exports[`Test App Entry point should have a header tag with Avengers phantom 1`] = `
<div>
  <h1>
    Avengers phantom
  </h1>
  <p>
    Hello Avengers FE
  </p>
</div>
`;
